<html>
<body>
<pre>
<h1>µVision Build Log</h1>
<h2>Project:</h2>
C:\Users\gregm\Documents\EI2I 3\Microcontroleurs\Projet_Solaire_MAHON_LELONG_REVILLOT\projet-solaire-EI2I3\code\Projet_Solaire\keil\projet_solaire.uvproj
Project File Date:  03/17/2023

<h2>Output:</h2>
Rebuild target 'Target 1'
assembling startup_stm32f072.s...
compiling system_stm32f0xx_HSI_RC_48MHz.c...
compiling main.c...
..\app\main.c(24): warning:  #1-D: last line of file ends without a newline
  }
..\app\main.c: 1 warning, 0 errors
compiling printf-stdarg.c...
compiling bsp.c...
..\drivers\bsp.c(322): warning:  #61-D: integer operation result is out of range
        ADC1->CFGR2 |= (0x01 <<31UL);
..\drivers\bsp.c(322): warning:  #68-D: integer conversion resulted in a change of sign
        ADC1->CFGR2 |= (0x01 <<31UL);
..\drivers\bsp.c(344): warning:  #1-D: last line of file ends without a newline
  }
..\drivers\bsp.c: 3 warnings, 0 errors
compiling delay.c...
linking...
Program Size: Code=2168 RO-data=224 RW-data=20 ZI-data=1636  
".\TP2_ADC.axf" - 0 Error(s), 4 Warning(s).
Load "C:\\Users\\gregm\\Documents\\EI2I 3\\Microcontroleurs\\Projet_Solaire_MAHON_LELONG_REVILLOT\\projet-solaire-EI2I3\\code\\Projet_Solaire\\keil\\TP2_ADC.axf" 
Erase Done.
Programming Done.
Verify OK.
Load "C:\\Users\\gregm\\Documents\\EI2I 3\\Microcontroleurs\\Projet_Solaire_MAHON_LELONG_REVILLOT\\projet-solaire-EI2I3\\code\\Projet_Solaire\\keil\\TP2_ADC.axf" 
Erase Done.
Programming Done.
Verify OK.
</pre>
</body>
</html>
C:\\Users\\gregm\\Documents\\EI2I 3\\Microcontroleurs\\Projet_Solaire_MAHON_LELONG_REVILLOT\\projet-solaire-EI2I3\\code\\Projet_Solaire\\keil\\TP2_ADC.axf" 
Error: Flash Download failed  -  Target DLL has been cancelled
Load "C:\\Users\\gregm\\Documents\\EI2I 3\\Microcontroleurs\\Projet_Solaire_MAHON_LELONG_REVILLOT\\projet-solaire-EI2I3\\code\\Projet_Solaire\\keil\\TP2_ADC.axf" 
Erase Done.
Programming Done.
Verify OK.
Load "C:\\Users\\gregm\\Documents\\EI2I 3\\Microcontroleurs\\Projet_Solaire_MAHON_LELONG_REVILLOT\\projet-solaire-EI2I3\\code\\Projet_Solaire\\keil\\TP2_ADC.axf" 
Erase Done.
Programming Done.
Verify OK.
Load "C:\\Users\\gregm\\Documents\\EI2I 3\\Microcontroleurs\\Projet_Solaire_MAHON_LELONG_REVILLOT\\projet-solaire-EI2I3\\code\\Projet_Solaire\\keil\\TP2_ADC.axf" 
Erase Done.
Programming Done.
Verify OK.
